[html.hixstudio.net/technix-prv/index.html]
[backblue.gif]
[fade.gif]
[index.html]
[html.hixstudio.net/technix-prv/assets/img/logo/favicon.png]
[html.hixstudio.net/technix-prv/assets/css/bootstrap.css]
[html.hixstudio.net/technix-prv/assets/css/animate.css]
[html.hixstudio.net/technix-prv/assets/css/font-awesome-pro.css]
[html.hixstudio.net/technix-prv/assets/css/spacing.css]
[html.hixstudio.net/technix-prv/assets/css/main.css]
[html.hixstudio.net/technix-prv/index-2.html]
[html.hixstudio.net/technix-prv/assets/img/logo/logo.png]
[html.hixstudio.net/technix-prv/assets/img/hero/hero-bg.jpg]
[html.hixstudio.net/technix-prv/assets/img/others/curved.png]
[html.hixstudio.net/technix-prv/assets/img/others/gurantee-stamp.png]
[html.hixstudio.net/technix-prv/assets/img/hero/img-1.jpg]
[html.hixstudio.net/technix-prv/assets/img/hero/img-2.jpg]
[html.hixstudio.net/technix-prv/assets/img/hero/img-3.jpg]
[html.hixstudio.net/technix-prv/assets/img/hero/img-4.jpg]
[html.hixstudio.net/technix-prv/assets/img/offer/home-1.jpg]
[html.hixstudio.net/technix-prv/technix/index.html]
[html.hixstudio.net/technix-prv/assets/img/offer/home-2.jpg]
[html.hixstudio.net/technix-prv/technix/index-2.html]
[html.hixstudio.net/technix-prv/assets/img/offer/home-3.jpg]
[html.hixstudio.net/technix-prv/technix/index-3.html]
[html.hixstudio.net/technix-prv/assets/img/offer/home-4.jpg]
[html.hixstudio.net/technix-prv/assets/img/offer/coming-soon.png]
[html.hixstudio.net/technix-prv/assets/img/features/icon-1.png]
[html.hixstudio.net/technix-prv/assets/img/features/icon-2.png]
[html.hixstudio.net/technix-prv/assets/img/features/icon-3.png]
[html.hixstudio.net/technix-prv/assets/img/features/icon-4.png]
[html.hixstudio.net/technix-prv/assets/img/features/icon-5.png]
[html.hixstudio.net/technix-prv/assets/img/features/icon-6.png]
[html.hixstudio.net/technix-prv/assets/img/features/icon-7.png]
[html.hixstudio.net/technix-prv/assets/img/features/icon-8.png]
[html.hixstudio.net/technix-prv/assets/img/features/icon-9.png]
[html.hixstudio.net/technix-prv/assets/img/features/icon-10.png]
[html.hixstudio.net/technix-prv/assets/img/features/icon-11.png]
[html.hixstudio.net/technix-prv/assets/img/features/icon-12.png]
[html.hixstudio.net/technix-prv/assets/img/features/icon-13.png]
[html.hixstudio.net/technix-prv/assets/img/features/icon-14.png]
[html.hixstudio.net/technix-prv/assets/img/features/icon-15.png]
[html.hixstudio.net/technix-prv/assets/img/features/icon-16.png]
[html.hixstudio.net/technix-prv/assets/img/others/footer.jpg]
[html.hixstudio.net/technix-prv/assets/js/vendor/jquery.js]
[html.hixstudio.net/technix-prv/assets/js/bootstrap-bundle.js]
[html.hixstudio.net/technix-prv/assets/js/wow.js]
[html.hixstudio.net/technix-prv/assets/js/main.js]
[html.hixstudio.net/technix-prv/index.html]
[html.hixstudio.net/technix-prv/assets/css/bootstrap.css]
[html.hixstudio.net/technix-prv/assets/css/animate.css]
[html.hixstudio.net/technix-prv/assets/fonts/fa-brands-400.woff2]
[html.hixstudio.net/technix-prv/assets/fonts/fa-brands-400.ttf]
[html.hixstudio.net/technix-prv/assets/fonts/fa-duotone-900.woff2]
[html.hixstudio.net/technix-prv/assets/fonts/fa-duotone-900.ttf]
[html.hixstudio.net/technix-prv/assets/fonts/fa-light-300.woff2]
[html.hixstudio.net/technix-prv/assets/fonts/fa-regular-400.woff2]
[html.hixstudio.net/technix-prv/assets/fonts/fa-light-300.ttf]
[html.hixstudio.net/technix-prv/assets/fonts/fa-solid-900.woff2]
[html.hixstudio.net/technix-prv/assets/fonts/fa-regular-400.ttf]
[html.hixstudio.net/technix-prv/assets/fonts/fa-solid-900.ttf]
[html.hixstudio.net/technix-prv/assets/fonts/fa-thin-100.woff2]
[html.hixstudio.net/technix-prv/assets/fonts/fa-thin-100.ttf]
[html.hixstudio.net/technix-prv/assets/fonts/fa-v4compatibility.woff2]
[html.hixstudio.net/technix-prv/assets/fonts/fa-v4compatibility.ttf]
[html.hixstudio.net/technix-prv/assets/css/font-awesome-pro.css]
[html.hixstudio.net/technix-prv/assets/css/spacing.css]
[html.hixstudio.net/technix-prv/assets/css/main.css]
[html.hixstudio.net/technix-prv/index-2.html]
[html.hixstudio.net/technix-prv/technix/assets/img/logo/favicon.png]
[html.hixstudio.net/technix-prv/technix/assets/css/bootstrap.css]
[html.hixstudio.net/technix-prv/technix/assets/css/animate.css]
[html.hixstudio.net/technix-prv/technix/assets/css/swiper-bundle.css]
[html.hixstudio.net/technix-prv/technix/assets/css/splide.css]
[html.hixstudio.net/technix-prv/technix/assets/css/slick.css]
[html.hixstudio.net/technix-prv/technix/assets/css/nouislider.css]
[html.hixstudio.net/technix-prv/technix/assets/css/magnific-popup.css]
[html.hixstudio.net/technix-prv/technix/assets/css/font-awesome-pro.css]
[html.hixstudio.net/technix-prv/technix/assets/css/spacing.css]
[html.hixstudio.net/technix-prv/technix/assets/css/main.css]
[html.hixstudio.net/technix-prv/technix/home-main.html]
[html.hixstudio.net/technix-prv/technix/assets/img/logo/footer-logo.png]
[html.hixstudio.net/technix-prv/technix/assets/img/logo/logo.png]
[html.hixstudio.net/technix-prv/technix/assets/img/portfolio/img-1.jpg]
[html.hixstudio.net/technix-prv/technix/assets/img/portfolio/img-2.jpg]
[html.hixstudio.net/technix-prv/technix/assets/img/portfolio/img-3.jpg]
[html.hixstudio.net/technix-prv/technix/assets/img/portfolio/img-4.jpg]
[html.hixstudio.net/technix-prv/technix/assets/img/portfolio/img-5.jpg]
[html.hixstudio.net/technix-prv/technix/assets/img/portfolio/img-6.jpg]
[html.hixstudio.net/technix-prv/technix/assets/img/logo/logo-lang.png]
[html.hixstudio.net/technix-prv/technix/assets/img/icon/header-hamburger-shape.png]
[html.hixstudio.net/technix-prv/technix/about-us.html]
[html.hixstudio.net/technix-prv/technix/service.html]
[html.hixstudio.net/technix-prv/technix/service-details.html]
[html.hixstudio.net/technix-prv/technix/portfolio.html]
[html.hixstudio.net/technix-prv/technix/portfolio-details.html]
[html.hixstudio.net/technix-prv/technix/team.html]
[html.hixstudio.net/technix-prv/technix/team-details.html]
[html.hixstudio.net/technix-prv/technix/blog.html]
[html.hixstudio.net/technix-prv/technix/blog-details.html]
[html.hixstudio.net/technix-prv/technix/contact.html]
[html.hixstudio.net/technix-prv/technix/assets/img/hero/shape-1.png]
[html.hixstudio.net/technix-prv/technix/assets/img/hero/shape-2.png]
[html.hixstudio.net/technix-prv/technix/assets/img/hero/shape-3.png]
[html.hixstudio.net/technix-prv/technix/assets/img/hero/shape-4.png]
[html.hixstudio.net/technix-prv/technix/assets/img/hero/shape-7.png]
[html.hixstudio.net/technix-prv/technix/assets/img/hero/hero-2.jpg]
[html.hixstudio.net/technix-prv/technix/assets/img/hero/hero-1.jpg]
[html.hixstudio.net/technix-prv/technix/assets/img/hero/hero-3.jpg]
[html.hixstudio.net/technix-prv/technix/assets/img/hero/shape-6.png]
[html.hixstudio.net/technix-prv/technix/assets/img/hero/shape-5.png]
[html.hixstudio.net/technix-prv/technix/assets/img/hero/quot.png]
[html.hixstudio.net/technix-prv/technix/assets/img/about/shape-1.png]
[html.hixstudio.net/technix-prv/technix/assets/img/about/about-1.png]
[html.hixstudio.net/technix-prv/technix/assets/img/about/icon-1.png]
[html.hixstudio.net/technix-prv/technix/assets/img/about/icon-2.png]
[html.hixstudio.net/technix-prv/technix/assets/img/about/icon-3.png]
[html.hixstudio.net/technix-prv/technix/assets/img/feature/shape-1.png]
[html.hixstudio.net/technix-prv/technix/assets/img/feature/shape-2.png]
[html.hixstudio.net/technix-prv/technix/assets/img/feature/img-shape.png]
[html.hixstudio.net/technix-prv/technix/assets/img/feature/img-1.jpg]
[html.hixstudio.net/technix-prv/technix/assets/img/feature/img-2.jpg]
[html.hixstudio.net/technix-prv/technix/assets/img/feature/img-3.jpg]
[html.hixstudio.net/technix-prv/technix/assets/img/services/services-1.jpg]
[html.hixstudio.net/technix-prv/technix/assets/img/services/services-2.jpg]
[html.hixstudio.net/technix-prv/technix/assets/img/services/services-3.jpg]
[html.hixstudio.net/technix-prv/technix/assets/img/services/services-4.jpg]
[html.hixstudio.net/technix-prv/technix/assets/img/fun-fact/shape-1.png]
[html.hixstudio.net/technix-prv/technix/assets/img/fun-fact/shape-2.png]
[html.hixstudio.net/technix-prv/technix/assets/img/fun-fact/shape-3.png]
[html.hixstudio.net/technix-prv/technix/assets/img/fun-fact/shape-4.png]
[html.hixstudio.net/technix-prv/technix/assets/img/fun-fact/shadow.png]
[html.hixstudio.net/technix-prv/technix/assets/img/fun-fact/world.png]
[html.hixstudio.net/technix-prv/technix/assets/img/brand/shape-1.png]
[html.hixstudio.net/technix-prv/technix/assets/img/brand/img-2.png]
[html.hixstudio.net/technix-prv/technix/assets/img/brand/img-3.png]
[html.hixstudio.net/technix-prv/technix/assets/img/brand/img-4.png]
[html.hixstudio.net/technix-prv/technix/assets/img/brand/img-5.png]
[html.hixstudio.net/technix-prv/technix/assets/img/brand/img-6.png]
[html.hixstudio.net/technix-prv/technix/assets/img/brand/img-7.png]
[html.hixstudio.net/technix-prv/technix/assets/img/brand/img-8.png]
[html.hixstudio.net/technix-prv/technix/assets/img/brand/img-9.png]
[html.hixstudio.net/technix-prv/technix/assets/img/brand/shape-3.png]
[html.hixstudio.net/technix-prv/technix/assets/img/brand/img-1.png]
[html.hixstudio.net/technix-prv/technix/assets/img/brand/shape-2.png]
[html.hixstudio.net/technix-prv/technix/assets/img/testimonial/shape-1.png]
[html.hixstudio.net/technix-prv/technix/assets/img/testimonial/testimonial-bg.jpg]
[html.hixstudio.net/technix-prv/technix/assets/img/testimonial/user-1.jpg]
[html.hixstudio.net/technix-prv/technix/assets/img/testimonial/user-2.jpg]
[html.hixstudio.net/technix-prv/technix/assets/img/testimonial/user-3.jpg]
[html.hixstudio.net/technix-prv/technix/assets/img/icon/icon-1.png]
[html.hixstudio.net/technix-prv/technix/assets/img/support/shape-img.png]
[html.hixstudio.net/technix-prv/technix/assets/img/support/shape-bg.png]
[html.hixstudio.net/technix-prv/technix/assets/img/blog/img-1.jpg]
[html.hixstudio.net/technix-prv/technix/assets/img/blog/img-2.jpg]
[html.hixstudio.net/technix-prv/technix/assets/img/blog/img-3.jpg]
[html.hixstudio.net/technix-prv/technix/assets/img/footer/footer-bg.jpg]
[html.hixstudio.net/technix-prv/technix/assets/img/footer/footer-top-bg.png]
[html.hixstudio.net/technix-prv/technix/assets/img/footer/headphone.png]
[html.hixstudio.net/technix-prv/technix/assets/img/footer/user.png]
[html.hixstudio.net/technix-prv/technix/assets/js/vendor/jquery.js]
[html.hixstudio.net/technix-prv/technix/assets/js/vendor/waypoints.js]
[html.hixstudio.net/technix-prv/technix/assets/js/bootstrap-bundle.js]
[html.hixstudio.net/technix-prv/technix/assets/js/meanmenu.js]
[html.hixstudio.net/technix-prv/technix/assets/js/swiper-bundle.js]
[html.hixstudio.net/technix-prv/technix/assets/js/splide.js]
[html.hixstudio.net/technix-prv/technix/assets/js/slick.min.js]
[html.hixstudio.net/technix-prv/technix/assets/js/purecounter.js]
[html.hixstudio.net/technix-prv/technix/assets/js/nouislider.js]
[html.hixstudio.net/technix-prv/technix/assets/js/magnific-popup.js]
[html.hixstudio.net/technix-prv/technix/assets/js/nice-select.js]
[html.hixstudio.net/technix-prv/technix/assets/js/wow.js]
[html.hixstudio.net/technix-prv/technix/assets/js/gsap.min.js]
[html.hixstudio.net/technix-prv/technix/assets/js/split-text.min.js]
[html.hixstudio.net/technix-prv/technix/assets/js/scrool-triger.js]
[html.hixstudio.net/technix-prv/technix/assets/js/scrollMagic.min.js]
[html.hixstudio.net/technix-prv/technix/assets/js/parallax-scroll.js]
[html.hixstudio.net/technix-prv/technix/assets/js/animation.gsap.min.js]
[html.hixstudio.net/technix-prv/technix/assets/js/isotope-pkgd.js]
[html.hixstudio.net/technix-prv/technix/assets/js/imagesloaded-pkgd.js]
[html.hixstudio.net/technix-prv/technix/assets/js/jquery-appear.js]
[html.hixstudio.net/technix-prv/technix/assets/js/jquery-knob.js]
[html.hixstudio.net/technix-prv/technix/assets/js/ajax-form.js]
[html.hixstudio.net/technix-prv/technix/assets/js/main.js]
[html.hixstudio.net/technix-prv/technix/index.html]
[html.hixstudio.net/technix-prv/technix/assets/img/hero/hero-2/header-bg.png]
[html.hixstudio.net/technix-prv/technix/assets/img/logo/home-2-logo.png]
[html.hixstudio.net/technix-prv/technix/assets/img/hero/hero-2/logo-shape.png]
[html.hixstudio.net/technix-prv/technix/assets/img/hero/hero-2/hero-bg.png]
[html.hixstudio.net/technix-prv/technix/assets/img/hero/hero-2/shape-1.png]
[html.hixstudio.net/technix-prv/technix/assets/img/hero/hero-2/shape-2.png]
[html.hixstudio.net/technix-prv/technix/assets/img/hero/hero-2/shape-3.png]
[html.hixstudio.net/technix-prv/technix/assets/img/offering/bg.png]
[html.hixstudio.net/technix-prv/technix/assets/img/offering/shape.png]
[html.hixstudio.net/technix-prv/technix/assets/img/offering/shape-2.png]
[html.hixstudio.net/technix-prv/technix/assets/img/offering/img-1.svg]
[html.hixstudio.net/technix-prv/technix/assets/img/offering/img-2.svg]
[html.hixstudio.net/technix-prv/technix/assets/img/offering/img-3.svg]
[html.hixstudio.net/technix-prv/technix/assets/img/offering/img-4.svg]
[html.hixstudio.net/technix-prv/technix/assets/img/business/shape-1.png]
[html.hixstudio.net/technix-prv/technix/assets/img/business/shape-2.png]
[html.hixstudio.net/technix-prv/technix/assets/img/business/shape-3.png]
[html.hixstudio.net/technix-prv/technix/assets/img/business/shape-4.png]
[html.hixstudio.net/technix-prv/technix/assets/img/business/img-1.jpg]
[html.hixstudio.net/technix-prv/technix/assets/img/business/img-2.png]
[html.hixstudio.net/technix-prv/technix/assets/img/business/img-3.png]
[html.hixstudio.net/technix-prv/technix/assets/img/business/user.png]
[html.hixstudio.net/technix-prv/technix/assets/img/fun-fact/counter-bg.png]
[html.hixstudio.net/technix-prv/technix/assets/img/industry/shape-1.png]
[html.hixstudio.net/technix-prv/technix/assets/img/industry/shape-2.png]
[html.hixstudio.net/technix-prv/technix/assets/img/industry/shape-3.png]
[html.hixstudio.net/technix-prv/technix/assets/img/industry/icon-1.svg]
[html.hixstudio.net/technix-prv/technix/assets/img/industry/icon-2.svg]
[html.hixstudio.net/technix-prv/technix/assets/img/industry/icon-3.svg]
[html.hixstudio.net/technix-prv/technix/assets/img/industry/img-1.jpg]
[html.hixstudio.net/technix-prv/technix/assets/img/industry/img-2.jpg]
[html.hixstudio.net/technix-prv/technix/assets/img/industry/img-3.jpg]
[html.hixstudio.net/technix-prv/technix/assets/img/feature/home-2/img-2.jpg]
[html.hixstudio.net/technix-prv/technix/assets/img/feature/home-2/img-3.jpg]
[html.hixstudio.net/technix-prv/technix/assets/img/feature/home-2/img-1.jpg]
[html.hixstudio.net/technix-prv/technix/assets/img/brand/home-2/shape-bg.png]
[html.hixstudio.net/technix-prv/technix/assets/img/brand/home-2/shape-1.png]
[html.hixstudio.net/technix-prv/technix/assets/img/brand/home-2/shape-2.png]
[html.hixstudio.net/technix-prv/technix/assets/img/brand/home-2/shape-3.png]
[html.hixstudio.net/technix-prv/technix/assets/img/brand/home-2/shape-4.png]
[html.hixstudio.net/technix-prv/technix/assets/img/brand/home-2/shape-5.png]
[html.hixstudio.net/technix-prv/technix/assets/img/blog/shape-1.png]
[html.hixstudio.net/technix-prv/technix/assets/img/blog/img-6.png]
[html.hixstudio.net/technix-prv/technix/assets/img/blog/img-5.png]
[html.hixstudio.net/technix-prv/technix/assets/img/blog/img-4.png]
[html.hixstudio.net/technix-prv/technix/assets/img/testimonial/shape-blur.png]
[html.hixstudio.net/technix-prv/technix/assets/img/testimonial/shape-2.png]
[html.hixstudio.net/technix-prv/technix/assets/img/testimonial/shape-3.png]
[html.hixstudio.net/technix-prv/technix/assets/img/testimonial/shape-4.png]
[html.hixstudio.net/technix-prv/technix/assets/img/testimonial/quot-2.png]
[html.hixstudio.net/technix-prv/technix/assets/img/cta/bg-shape.png]
[html.hixstudio.net/technix-prv/technix/assets/img/cta/img.png]
[html.hixstudio.net/technix-prv/technix/assets/img/cta/img-2.png]
[html.hixstudio.net/technix-prv/technix/assets/img/cta/bg.png]
[html.hixstudio.net/technix-prv/technix/assets/img/footer/footer-2-bg.png]
[html.hixstudio.net/technix-prv/technix/assets/img/footer/shape-1.png]
[html.hixstudio.net/technix-prv/technix/index-2.html]
[html.hixstudio.net/technix-prv/technix/assets/img/icon/call.svg]
[html.hixstudio.net/technix-prv/technix/assets/img/hero/hero-3/shape-1.png]
[html.hixstudio.net/technix-prv/technix/assets/img/hero/hero-3/shape-2.png]
[html.hixstudio.net/technix-prv/technix/assets/img/hero/hero-3/shape-3.png]
[html.hixstudio.net/technix-prv/technix/assets/img/hero/hero-3/hero-1.jpg]
[html.hixstudio.net/technix-prv/technix/assets/img/hero/hero-3/hero-2.jpg]
[html.hixstudio.net/technix-prv/technix/assets/img/hero/hero-3/hero-3.jpg]
[html.hixstudio.net/technix-prv/technix/assets/img/others/bg.png]
[html.hixstudio.net/technix-prv/technix/assets/img/about/home-3/shape-4.png]
[html.hixstudio.net/technix-prv/technix/assets/img/about/home-3/img-1.jpg]
[html.hixstudio.net/technix-prv/technix/assets/img/about/home-3/img-2.jpg]
[html.hixstudio.net/technix-prv/technix/assets/img/about/home-3/img-3.jpg]
[html.hixstudio.net/technix-prv/technix/assets/img/about/home-3/shape-1.png]
[html.hixstudio.net/technix-prv/technix/assets/img/about/home-3/shape-2.png]
[html.hixstudio.net/technix-prv/technix/assets/img/about/home-3/shape-3.png]
[html.hixstudio.net/technix-prv/technix/assets/img/category/shape-1.png]
[html.hixstudio.net/technix-prv/technix/assets/img/category/shape-2.png]
[html.hixstudio.net/technix-prv/technix/assets/img/category/icon-1.png]
[html.hixstudio.net/technix-prv/technix/assets/img/category/icon-2.png]
[html.hixstudio.net/technix-prv/technix/assets/img/category/icon-3.png]
[html.hixstudio.net/technix-prv/technix/assets/img/category/icon-4.png]
[html.hixstudio.net/technix-prv/technix/assets/img/category/icon-5.png]
[html.hixstudio.net/technix-prv/technix/assets/img/services/home-3/service-bg.png]
[html.hixstudio.net/technix-prv/technix/assets/img/services/home-3/icon-1.png]
[html.hixstudio.net/technix-prv/technix/assets/img/services/home-3/icon-2.png]
[html.hixstudio.net/technix-prv/technix/assets/img/services/home-3/icon-3.png]
[html.hixstudio.net/technix-prv/technix/assets/img/services/home-3/icon-4.png]
[html.hixstudio.net/technix-prv/technix/assets/img/cta/home-3/shape-1.png]
[html.hixstudio.net/technix-prv/technix/assets/img/feature/home-3/feature-bg.png]
[html.hixstudio.net/technix-prv/technix/assets/img/feature/home-3/icon-1.png]
[html.hixstudio.net/technix-prv/technix/assets/img/feature/home-3/icon-2.png]
[html.hixstudio.net/technix-prv/technix/assets/img/feature/home-3/icon-3.png]
[html.hixstudio.net/technix-prv/technix/assets/img/feature/home-3/icon-4.png]
[html.hixstudio.net/technix-prv/technix/assets/img/testimonial/home-3/shape-1.png]
[html.hixstudio.net/technix-prv/technix/assets/img/testimonial/home-3/shape-2.png]
[html.hixstudio.net/technix-prv/technix/assets/img/testimonial/home-3/img-1.png]
[html.hixstudio.net/technix-prv/technix/assets/img/testimonial/home-3/img-2.jpg]
[html.hixstudio.net/technix-prv/technix/assets/img/testimonial/home-3/img-3.jpg]
[html.hixstudio.net/technix-prv/technix/assets/img/testimonial/home-3/img-4.jpg]
[html.hixstudio.net/technix-prv/technix/assets/img/testimonial/home-3/img-2.png]
[html.hixstudio.net/technix-prv/technix/assets/img/testimonial/home-3/img-3.png]
[html.hixstudio.net/technix-prv/technix/assets/img/brand/home-3/brand-1.png]
[html.hixstudio.net/technix-prv/technix/assets/img/brand/home-3/brand-2.png]
[html.hixstudio.net/technix-prv/technix/assets/img/brand/home-3/brand-3.png]
[html.hixstudio.net/technix-prv/technix/assets/img/brand/home-3/brand-4.png]
[html.hixstudio.net/technix-prv/technix/assets/img/brand/home-3/brand-5.png]
[html.hixstudio.net/technix-prv/technix/assets/img/testimonial/home-3/shape-3.png]
[html.hixstudio.net/technix-prv/technix/assets/img/team/team-5.jpg]
[html.hixstudio.net/technix-prv/technix/assets/img/team/team-1.jpg]
[html.hixstudio.net/technix-prv/technix/assets/img/team/team-2.jpg]
[html.hixstudio.net/technix-prv/technix/assets/img/team/team-3.jpg]
[html.hixstudio.net/technix-prv/technix/assets/img/team/team-4.jpg]
[html.hixstudio.net/technix-prv/technix/assets/img/blog/shaep-2.png]
[html.hixstudio.net/technix-prv/technix/assets/img/blog/img-7.jpg]
[html.hixstudio.net/technix-prv/technix/assets/img/blog/user.png]
[html.hixstudio.net/technix-prv/technix/assets/img/blog/img-8.jpg]
[html.hixstudio.net/technix-prv/technix/assets/img/blog/img-9.jpg]
[html.hixstudio.net/technix-prv/technix/assets/img/cta/home-3/shape-2.png]
[html.hixstudio.net/technix-prv/technix/assets/img/cta/home-3/shape-3.png]
[html.hixstudio.net/technix-prv/technix/assets/img/cta/home-3/conversation.png]
[html.hixstudio.net/technix-prv/technix/assets/img/cta/home-3/headphone.png]
[html.hixstudio.net/technix-prv/technix/index-3.html]
[html.hixstudio.net/technix-prv/assets/js/vendor/jquery.js]
[html.hixstudio.net/technix-prv/assets/js/bootstrap-bundle.js]
[html.hixstudio.net/technix-prv/assets/js/wow.js]
[html.hixstudio.net/technix-prv/assets/js/main.js]
[html.hixstudio.net/technix-prv/assets/fonts/fa-duotone-900.html]
[html.hixstudio.net/technix-prv/assets/fonts/fa-duotone-901.html]
[html.hixstudio.net/technix-prv/technix/assets/css/bootstrap.css]
[html.hixstudio.net/technix-prv/technix/assets/css/animate.css]
[html.hixstudio.net/technix-prv/technix/assets/css/swiper-bundle.css]
[html.hixstudio.net/technix-prv/technix/assets/css/splide.css]
[html.hixstudio.net/technix-prv/technix/assets/css/slick.css]
[html.hixstudio.net/technix-prv/technix/assets/css/nouislider.css]
[html.hixstudio.net/technix-prv/technix/assets/css/magnific-popup.css]
[html.hixstudio.net/technix-prv/technix/assets/fonts/fa-brands-400.woff2]
[html.hixstudio.net/technix-prv/technix/assets/fonts/fa-duotone-900.woff2]
[html.hixstudio.net/technix-prv/technix/assets/fonts/fa-brands-400.ttf]
[html.hixstudio.net/technix-prv/technix/assets/fonts/fa-duotone-900.ttf]
[html.hixstudio.net/technix-prv/technix/assets/fonts/fa-light-300.woff2]
[html.hixstudio.net/technix-prv/technix/assets/fonts/fa-light-300.ttf]
[html.hixstudio.net/technix-prv/technix/assets/fonts/fa-regular-400.woff2]
[html.hixstudio.net/technix-prv/technix/assets/fonts/fa-regular-400.ttf]
[html.hixstudio.net/technix-prv/technix/assets/fonts/fa-solid-900.woff2]
[html.hixstudio.net/technix-prv/technix/assets/fonts/fa-solid-900.ttf]
[html.hixstudio.net/technix-prv/technix/assets/fonts/fa-thin-100.woff2]
[html.hixstudio.net/technix-prv/technix/assets/fonts/fa-thin-100.ttf]
[html.hixstudio.net/technix-prv/technix/assets/fonts/fa-v4compatibility.woff2]
[html.hixstudio.net/technix-prv/technix/assets/fonts/fa-v4compatibility.ttf]
[html.hixstudio.net/technix-prv/technix/assets/css/font-awesome-pro.css]
[html.hixstudio.net/technix-prv/technix/assets/css/spacing.css]
[html.hixstudio.net/technix-prv/technix/assets/img/icon/close.png]
[html.hixstudio.net/technix-prv/technix/assets/img/feature/home-3/text-img.jpg]
[html.hixstudio.net/technix-prv/technix/assets/css/main.css]
[html.hixstudio.net/technix-prv/technix/home-main.html]
[html.hixstudio.net/technix-prv/technix/assets/img/breadcrumb/breadcrumb-bg-1.jpg]
[html.hixstudio.net/technix-prv/technix/assets/img/breadcrumb/titile.svg]
[html.hixstudio.net/technix-prv/technix/home]
[html.hixstudio.net/technix-prv/technix/assets/img/business/shape-5.png]
[html.hixstudio.net/technix-prv/technix/assets/img/feature/home-3/shape-1.png]
[html.hixstudio.net/technix-prv/technix/assets/img/others/video-img.jpg]
[html.hixstudio.net/technix-prv/technix/about-us.html]
[html.hixstudio.net/technix-prv/technix/service.html]
[html.hixstudio.net/technix-prv/technix/assets/img/services/service-details/img-1.jpg]
[html.hixstudio.net/technix-prv/technix/assets/img/services/service-details/img-2.jpg]
[html.hixstudio.net/technix-prv/technix/service-details.html]
[html.hixstudio.net/technix-prv/technix/portfolio.html]
[html.hixstudio.net/technix-prv/technix/assets/img/portfolio/portfolio-details/img-1.jpg]
[html.hixstudio.net/technix-prv/technix/assets/img/portfolio/portfolio-details/icon-1.png]
[html.hixstudio.net/technix-prv/technix/assets/img/portfolio/portfolio-details/icon-2.png]
[html.hixstudio.net/technix-prv/technix/assets/img/portfolio/portfolio-details/icon-3.png]
[html.hixstudio.net/technix-prv/technix/portfolio-details.html]
[html.hixstudio.net/technix-prv/technix/assets/img/breadcrumb/team/img-1.jpg]
[html.hixstudio.net/technix-prv/technix/team-deteails.html]
[html.hixstudio.net/technix-prv/technix/assets/img/breadcrumb/team/img-2.jpg]
[html.hixstudio.net/technix-prv/technix/assets/img/breadcrumb/team/img-3.jpg]
[html.hixstudio.net/technix-prv/technix/assets/img/breadcrumb/team/img-4.jpg]
[html.hixstudio.net/technix-prv/technix/assets/img/breadcrumb/team/img-5.jpg]
[html.hixstudio.net/technix-prv/technix/assets/img/breadcrumb/team/img-6.jpg]
[html.hixstudio.net/technix-prv/technix/team.html]
[html.hixstudio.net/technix-prv/technix/assets/img/team/details/shape-1.png]
[html.hixstudio.net/technix-prv/technix/assets/img/team/details/shape-2.png]
[html.hixstudio.net/technix-prv/technix/assets/img/team/details/img-1.jpg]
[html.hixstudio.net/technix-prv/technix/assets/img/team/details/flag.png]
[html.hixstudio.net/technix-prv/technix/team-details.html]
[html.hixstudio.net/technix-prv/technix/assets/img/blog/blog-img-1.jpg]
[html.hixstudio.net/technix-prv/technix/assets/img/blog/blog-img-2.jpg]
[html.hixstudio.net/technix-prv/technix/assets/img/blog/blog-img-3.jpg]
[html.hixstudio.net/technix-prv/technix/assets/img/blog/user-2.jpg]
[html.hixstudio.net/technix-prv/technix/assets/img/blog/details/side-1.jpg]
[html.hixstudio.net/technix-prv/technix/assets/img/blog/details/side-2.jpg]
[html.hixstudio.net/technix-prv/technix/assets/img/blog/details/side-3.jpg]
[html.hixstudio.net/technix-prv/technix/blog.html]
[html.hixstudio.net/technix-prv/technix/assets/img/blog/details/blog-1.jpg]
[html.hixstudio.net/technix-prv/technix/assets/img/blog/details/quate.jpg]
[html.hixstudio.net/technix-prv/technix/assets/img/blog/details/blog-2.jpg]
[html.hixstudio.net/technix-prv/technix/assets/img/blog/details/blog-3.jpg]
[html.hixstudio.net/technix-prv/technix/assets/img/blog/details/comment-1.jpg]
[html.hixstudio.net/technix-prv/technix/assets/img/blog/details/comment-2.jpg]
[html.hixstudio.net/technix-prv/technix/blog-details.html]
[html.hixstudio.net/technix-prv/technix/contact.html]
[html.hixstudio.net/technix-prv/technix/assets/js/vendor/jquery.js]
[html.hixstudio.net/technix-prv/technix/assets/js/vendor/waypoints.js]
[html.hixstudio.net/technix-prv/technix/assets/js/bootstrap-bundle.js]
[html.hixstudio.net/technix-prv/technix/assets/js/meanmenu.js]
[html.hixstudio.net/technix-prv/technix/e]
[html.hixstudio.net/technix-prv/technix/a.params.157.delayed]
[html.hixstudio.net/technix-prv/technix/assets/js/swiper-bundle.js]
[html.hixstudio.net/technix-prv/technix/assets/js/splide.js]
[html.hixstudio.net/technix-prv/technix/assets/js/slick.min.js]
[html.hixstudio.net/technix-prv/technix/assets/js/purecounter.js]
[html.hixstudio.net/technix-prv/technix/assets/js/nouislider.js]
[html.hixstudio.net/technix-prv/technix/assets/js/magnific-popup.js]
[html.hixstudio.net/technix-prv/technix/assets/js/nice-select.js]
[html.hixstudio.net/technix-prv/technix/assets/js/wow.js]
[html.hixstudio.net/technix-prv/technix/assets/js/gsap.min.js]
[html.hixstudio.net/technix-prv/technix/assets/js/split-text.min.js]
[html.hixstudio.net/technix-prv/technix/assets/js/scrool-triger.js]
[html.hixstudio.net/technix-prv/technix/assets/js/scrollMagic.min.js]
[html.hixstudio.net/technix-prv/technix/assets/js/parallax-scroll.js]
[html.hixstudio.net/technix-prv/technix/assets/js/animation.gsap.min.js]
[html.hixstudio.net/technix-prv/technix/assets/js/isotope-pkgd.js]
[html.hixstudio.net/technix-prv/technix/assets/js/imagesloaded-pkgd.js]
[html.hixstudio.net/technix-prv/technix/assets/js/jquery-appear.js]
[html.hixstudio.net/technix-prv/technix/assets/js/jquery-knob.js]
[html.hixstudio.net/technix-prv/technix/assets/js/ajax-form.js]
[html.hixstudio.net/technix-prv/technix/assets/css/bootstrap-rtl.css]
[html.hixstudio.net/technix-prv/technix/assets/js/main.js]
[html.hixstudio.net/technix-prv/technix/assets/img/offering/img-1.svg]
[html.hixstudio.net/technix-prv/technix/assets/img/offering/img-2.svg]
[html.hixstudio.net/technix-prv/technix/assets/img/offering/img-3.svg]
[html.hixstudio.net/technix-prv/technix/assets/img/offering/img-4.svg]
[html.hixstudio.net/technix-prv/technix/assets/img/industry/icon-1.svg]
[html.hixstudio.net/technix-prv/technix/assets/img/industry/icon-2.svg]
[html.hixstudio.net/technix-prv/technix/assets/img/industry/icon-3.svg]
[html.hixstudio.net/technix-prv/technix/assets/img/icon/call.svg]
[html.hixstudio.net/technix-prv/technix/assets/fonts/fa-duotone-900.html]
[html.hixstudio.net/technix-prv/technix/assets/fonts/fa-duotone-901.html]
[html.hixstudio.net/technix-prv/technix/assets/img/breadcrumb/titile.svg]
[html.hixstudio.net/technix-prv/technix/home.html]
[html.hixstudio.net/technix-prv/technix/team-deteails.html]
[html.hixstudio.net/technix-prv/technix/e.html]
[html.hixstudio.net/technix-prv/technix/a.params.html]
[html.hixstudio.net/technix-prv/technix/assets/css/bootstrap-rtl.css]
